Java HotSpot(TM) 64-Bit Server VM (25.391-b13) for bsd-aarch64 JRE (1.8.0_391-b13), built on Oct  4 2023 07:49:43 by "java_re" with gcc Apple LLVM 12.0.0 (clang-1200.0.32.29)
Memory: 16k page, physical 16777216k(71824k free)

/proc/meminfo:

CommandLine flags: -XX:InitialHeapSize=62914560 -XX:MaxHeapSize=62914560 -XX:+PrintGC -XX:+PrintGCDetails -XX:+PrintGCTimeStamps -XX:SurvivorRatio=8 -XX:+UseCompressedClassPointers -XX:+UseCompressedOops -XX:+UseParallelGC 
1.928: [GC (Allocation Failure) [PSYoungGen: 17407K->2036K(19456K)] 17407K->16122K(63488K), 0.0040895 secs] [Times: user=0.00 sys=0.01, real=0.00 secs] 
3.997: [GC (Allocation Failure) [PSYoungGen: 19380K->2040K(19456K)] 33466K->33329K(63488K), 0.0069297 secs] [Times: user=0.01 sys=0.01, real=0.00 secs] 
4.004: [Full GC (Ergonomics) [PSYoungGen: 2040K->0K(19456K)] [ParOldGen: 31288K->33255K(44032K)] 33329K->33255K(63488K), [Metaspace: 3207K->3207K(1056768K)], 0.0089113 secs] [Times: user=0.05 sys=0.00, real=0.01 secs] 
Heap
 PSYoungGen      total 19456K, used 17408K [0x00000007beb00000, 0x00000007c0000000, 0x00000007c0000000)
  eden space 17408K, 100% used [0x00000007beb00000,0x00000007bfc00000,0x00000007bfc00000)
  from space 2048K, 0% used [0x00000007bfe00000,0x00000007bfe00000,0x00000007c0000000)
  to   space 2048K, 0% used [0x00000007bfc00000,0x00000007bfc00000,0x00000007bfe00000)
 ParOldGen       total 44032K, used 33255K [0x00000007bc000000, 0x00000007beb00000, 0x00000007beb00000)
  object space 44032K, 75% used [0x00000007bc000000,0x00000007be079d88,0x00000007beb00000)
 Metaspace       used 3215K, capacity 4496K, committed 4864K, reserved 1056768K
  class space    used 353K, capacity 388K, committed 512K, reserved 1048576K
